<html>
<body>
<pre>
<h1>µVision Build Log</h1>
<h2>Tool Versions:</h2>
IDE-Version: µVision V5.24.2.0
Copyright (C) 2017 ARM Ltd and ARM Germany GmbH. All rights reserved.
License Information: Andreas Schwarzmann, HS-Coburg, LIC=----
 
Tool Versions:
Toolchain:       MDK-Lite  Version: 5.24.1
Toolchain Path:  C:\Keil_v5\ARM\ARMCC\Bin
C Compiler:      Armcc.exe V5.06 update 5 (build 528)
Assembler:       Armasm.exe V5.06 update 5 (build 528)
Linker/Locator:  ArmLink.exe V5.06 update 5 (build 528)
Library Manager: ArmAr.exe V5.06 update 5 (build 528)
Hex Converter:   FromElf.exe V5.06 update 5 (build 528)
CPU DLL:         SARMCM3.DLL V5.24.1
Dialog DLL:      DARMP1.DLL V1.27.0.0
Target DLL:      UL2CM3.DLL V1.160.3.0
Dialog DLL:      TARMP1.DLL V1.26.0.0
 
<h2>Project:</h2>
C:\Users\Nutzer\Desktop\Eingebettete Betriebssysteme\Praktikum\Aufgabe04\Präemptives Multitasking\blink.uvproj
Project File Date:  12/01/2017

<h2>Output:</h2>
*** Using Compiler 'V5.06 update 5 (build 528)', folder: 'C:\Keil_v5\ARM\ARMCC\Bin'
Rebuild target 'Target 1'
assembling startup_LPC177x_8x.s...
compiling core_cm3.c...
assembling ctxsw.s...
ctxsw.s(78): warning: A1581W: Added 2 bytes of padding at address 0x4e
compiling system_LPC177x_8x.c...
assembling pendsv.s...
compiling main.c...
compiling uart.c...
uart.c(26): warning:  #1-D: last line of file ends without a newline
  }
uart.c: 1 warning, 0 errors
linking...
Program Size: Code=1516 RO-data=260 RW-data=328 ZI-data=3552  
".\Objects\blink.axf" - 0 Error(s), 2 Warning(s).
Build Time Elapsed:  00:00:02
</pre>
</body>
</html>
